Microchip MPLAB XC8 Compiler V2.30

Linker command line:

-W-3 --edf=C:\Program Files\Microchip\xc8\v2.30\pic\dat\en_msgs.txt -cn \
  -h+dist/default/production\I2C_LCD.X.production.sym \
  --cmf=dist/default/production\I2C_LCD.X.production.cmf -z -Q16F877A \
  -oC:\Users\dtan\AppData\Local\Temp\sb18x2 --defsym=__MPLAB_BUILD=1 \
  -Mdist/default/production/I2C_LCD.X.production.map -E1 -ver=XC8 Compiler \
  --acfsm=1493 -ASTACK=0110h-016Fh -pstack=STACK -ACODE=00h-07FFhx4 \
  -ASTRCODE=00h-01FFFh -ASTRING=00h-0FFhx32 -ACONST=00h-0FFhx32 \
  -AENTRY=00h-0FFhx32 -ACOMMON=070h-07Fh -ABANK0=020h-06Fh \
  -ABANK1=0A0h-0EFh -ABANK2=0110h-016Fh -ABANK3=0190h-01EFh \
  -ARAM=020h-06Fh,0A0h-0EFh,0110h-016Fh,0190h-01EFh \
  -AABS1=020h-07Fh,0A0h-0EFh,0110h-016Fh,0190h-01EFh -ASFR0=00h-01Fh \
  -ASFR1=080h-09Fh -ASFR2=0100h-010Fh -ASFR3=0180h-018Fh \
  -ACONFIG=02007h-02007h -DCONFIG=2 -AIDLOC=02000h-02003h -DIDLOC=2 \
  -AEEDATA=00h-0FFh/02100h -peeprom_data=EEDATA -DEEDATA=2 -DCODE=2 \
  -DSTRCODE=2 -DSTRING=2 -DCONST=2 -DENTRY=2 \
  -preset_vec=00h,intentry=04h,init,end_init -ppowerup=CODE -pcinit=CODE \
  -pfunctab=ENTRY -k C:\Users\dtan\AppData\Local\Temp\sb18xb.o \
  dist/default/production\I2C_LCD.X.production.o 

Object code version is 3.11

Machine type is 16F877A



                Name                               Link     Load   Length Selector   Space Scale
C:\Users\dtan\AppData\Local\Temp\sb18xb.o
                end_init                             12       12        3        8       0
                reset_vec                             0        0        3        0       0
                config                             2007     2007        1        0       4
dist/default/production\I2C_LCD.X.production.o
                cinit                                15       15       39        8       0
                intentry                              4        4        E        8       0
                config                             2007     2007        1        0       4
                text30                              621      621       1B      9E8       0
                text29                              6C5      6C5        C      9E8       0
                text28                              5C9      5C9       1F      9E8       0
                text27                              466      466       4F        8       0
                text26                              656      656       18      9E8       0
                text25                              147      147       F0        8       0
                text24                              69D      69D        E      9E8       0
                text23                              411      411       55        8       0
                text22                              680      680        F      9E8       0
                text21                              6B8      6B8        D      9E8       0
                text20                              6F4      6F4        6      9E8       0
                text19                              6AB      6AB        D      9E8       0
                text18                              6E5      6E5        9      9E8       0
                text17                              6DC      6DC        9      9E8       0
                text16                              66E      66E       12      9E8       0
                text15                              5AA      5AA       1F      9E8       0
                text14                              58B      58B       1F      9E8       0
                text13                              5E8      5E8       1E      9E8       0
                text12                              68F      68F        E      9E8       0
                text11                              237      237       AD        8       0
                text10                              54A      54A       22      9E8       0
                text9                               56C      56C       1F      9E8       0
                text8                               34D      34D       69        8       0
                text7                               3B6      3B6       5B        8       0
                text6                               2E4      2E4       69        8       0
                text5                               521      521       29      9E8       0
                text4                               6D1      6D1        B      9E8       0
                text3                               606      606       1B      9E8       0
                text2                               4F4      4F4       2D      9E8       0
                text1                               63C      63C       1A      9E8       0
                maintext                             4E       4E       F9        8       0
                cstackBANK0                          20       20       1D       20       1
                cstackCOMMON                         70       70        A       70       1
                dataBANK0                            45       45        6       20       1
                bssBANK0                             3D       3D        8       20       1
                dataCOMMON                           7D       7D        1       70       1
                bssCOMMON                            7A       7A        3       70       1
                strings                             4B5      4B5       3F      96A       0
                nvBANK0                              4B       4B        1       20       1
                idataBANK0                          6EE      6EE        6      9E8       0
                idataCOMMON                         6FA      6FA        1      9E8       0

TOTAL           Name                               Link     Load   Length     Space
        CLASS   STACK          

        CLASS   CODE           
                end_init                             12       12        3         0
                cinit                                15       15       39         0
                intentry                              4        4        E         0
                reset_vec                             0        0        3         0
                text30                              621      621       1B         0
                text29                              6C5      6C5        C         0
                text28                              5C9      5C9       1F         0
                text27                              466      466       4F         0
                text26                              656      656       18         0
                text25                              147      147       F0         0
                text24                              69D      69D        E         0
                text23                              411      411       55         0
                text22                              680      680        F         0
                text21                              6B8      6B8        D         0
                text20                              6F4      6F4        6         0
                text19                              6AB      6AB        D         0
                text18                              6E5      6E5        9         0
                text17                              6DC      6DC        9         0
                text16                              66E      66E       12         0
                text15                              5AA      5AA       1F         0
                text14                              58B      58B       1F         0
                text13                              5E8      5E8       1E         0
                text12                              68F      68F        E         0
                text11                              237      237       AD         0
                text10                              54A      54A       22         0
                text9                               56C      56C       1F         0
                text8                               34D      34D       69         0
                text7                               3B6      3B6       5B         0
                text6                               2E4      2E4       69         0
                text5                               521      521       29         0
                text4                               6D1      6D1        B         0
                text3                               606      606       1B         0
                text2                               4F4      4F4       2D         0
                text1                               63C      63C       1A         0
                maintext                             4E       4E       F9         0
                idataBANK0                          6EE      6EE        6         0
                idataCOMMON                         6FA      6FA        1         0

        CLASS   STRCODE        

        CLASS   STRING         
                strings                             4B5      4B5       3F         0

        CLASS   CONST          

        CLASS   ENTRY          

        CLASS   COMMON         
                cstackCOMMON                         70       70        A         1
                dataCOMMON                           7D       7D        1         1
                bssCOMMON                            7A       7A        3         1

        CLASS   BANK0          
                cstackBANK0                          20       20       1D         1
                dataBANK0                            45       45        6         1
                bssBANK0                             3D       3D        8         1
                nvBANK0                              4B       4B        1         1

        CLASS   BANK1          

        CLASS   BANK2          

        CLASS   BANK3          

        CLASS   RAM            

        CLASS   ABS1           
                abs_s1                               7E       7E        2         1

        CLASS   SFR0           

        CLASS   SFR1           

        CLASS   SFR2           

        CLASS   SFR3           

        CLASS   CONFIG         
                config                             2007     2007        1         4

        CLASS   IDLOC          

        CLASS   EEDATA         



SEGMENTS        Name                           Load    Length   Top    Selector   Space  Class     Delta

                reset_vec                      000000  000003  000003         0       0  CODE        2
                intentry                       000004  0004B1  0004B5         8       0  CODE        2
                cstackBANK0                    000020  00002C  00004C        20       1  BANK0       1
                cstackCOMMON                   000070  00000E  00007E        70       1  COMMON      1
                strings                        0004B5  00003F  0004F4       96A       0  STRING      2
                text2                          0004F4  000207  0006FB       9E8       0  CODE        2


UNUSED ADDRESS RANGES

        Name                Unused          Largest block    Delta
        BANK0            004C-006F             24           1
        BANK1            00A0-00EF             50           1
        BANK2            0110-016F             60           1
        BANK3            0190-01EF             60           1
        CODE             0003-0003              1           2
                         06FB-1FFF            800
        CONST            0003-0003              1           2
                         06FB-1FFF            100
        EEDATA           2100-21FF            100           2
        ENTRY            0003-0003              1           2
                         06FB-1FFF            100
        IDLOC            2000-2003              4           2
        RAM              004C-006F             24           1
                         00A0-00EF             50
                         0110-016F             60
                         0190-01EF             60
        SFR0             0000-001F             20           1
        SFR1             0080-009F             20           1
        SFR2             0100-010F             10           1
        SFR3             0180-018F             10           1
        STACK            0110-016F             60           1
        STRCODE          0003-0003              1           2
                         06FB-1FFF           1905
        STRING           0003-0003              1           2
                         06FB-1FFF            100

                                  Symbol Table

?_ADC_Read                   cstackBANK0  0028
?___awdiv                    cstackBANK0  0028
?___awmod                    cstackBANK0  0028
?i1_ADC_Read                 cstackCOMMON 0070
ADC_Read@ADC_channel         cstackBANK0  002D
ADC_Read@result              cstackBANK0  002B
EEPROM_Read@Address          cstackBANK0  0028
EEPROM_Write@Address         cstackCOMMON 0071
EEPROM_Write@Data            cstackCOMMON 0070
I2C_Master_Write@data        cstackBANK0  0028
IO_Expander_Write@Data       cstackBANK0  0029
LCD_CMD@CMD                  cstackBANK0  002D
LCD_Init@I2C_Add             cstackBANK0  0031
LCD_Set_Cursor@COL           cstackBANK0  002E
LCD_Set_Cursor@ROW           cstackBANK0  0031
LCD_Write@c                  cstackBANK0  0038
LCD_Write@count_sp           cstackBANK0  003A
LCD_Write@i                  cstackBANK0  0037
LCD_Write@x                  cstackBANK0  0032
LCD_Write@y                  cstackBANK0  0033
LCD_Write@y_                 cstackBANK0  0039
LCD_Write_4Bit@Nibble        cstackBANK0  002B
LCD_Write_Char@Data          cstackBANK0  002D
LCD_Write_String@Str         cstackBANK0  0030
LCD_Write_String@i           cstackBANK0  002E
UART_send_char@bt            cstackCOMMON 0070
UART_send_string@st_pt       cstackCOMMON 0072
_ACKSTAT                     (abs)        048E
_ADCS0                       (abs)        00FE
_ADCS1                       (abs)        00FF
_ADCS2                       (abs)        04FE
_ADC_Init                    text24       069D
_ADC_Read                    text23       0411
_ADFM                        (abs)        04FF
_ADON                        (abs)        00F8
_ADRESH                      (abs)        001E
_ADRESL                      (abs)        009E
_BRGH                        (abs)        04C2
_BackLight_State             dataBANK0    004A
_CCP1M2                      (abs)        00BA
_CCP1M3                      (abs)        00BB
_CCP1X                       (abs)        00BD
_CCP1Y                       (abs)        00BC
_CCPR1L                      (abs)        0015
_CHS0                        (abs)        00FB
_CHS1                        (abs)        00FC
_CHS2                        (abs)        00FD
_CREN                        (abs)        00C4
_EEADR                       (abs)        010D
_EECON1bits                  (abs)        018C
_EECON2                      (abs)        018D
_EEDATA                      (abs)        010C
_EEPGD                       (abs)        0C67
_EEPROM_Read                 text22       0680
_EEPROM_Write                text30       0621
_GIE                         (abs)        005F
_GO_DONE                     (abs)        00FA
_I2C_Master_Init             text21       06B8
_I2C_Master_Start            text18       06E5
_I2C_Master_Stop             text17       06DC
_I2C_Master_Wait             text19       06AB
_I2C_Master_Write            text16       066E
_INTE                        (abs)        005C
_INTEDG                      (abs)        040E
_INTF                        (abs)        0059
_IO_Expander_Write           text15       05AA
_IRS                         text25       0147
_IR_Init                     text20       06F4
_LCD_CMD                     text13       05E8
_LCD_Clear                   text12       068F
_LCD_Init                    text11       0237
_LCD_SWAP                    dataBANK0    0048
_LCD_Set_Cursor              text10       054A
_LCD_Write                   text6        02E4
_LCD_Write_4Bit              text14       058B
_LCD_Write_Char              text9        056C
_LCD_Write_String            text5        0521
_OpenServo                   dataBANK0    0049
_PCFG0                       (abs)        04F8
_PCFG1                       (abs)        04F9
_PCFG2                       (abs)        04FA
_PCFG3                       (abs)        04FB
_PEIE                        (abs)        005E
_PEN                         (abs)        048A
_PR2                         (abs)        0092
_PS0                         (abs)        0408
_PS1                         (abs)        0409
_PS2                         (abs)        040A
_PSA                         (abs)        040B
_RB1                         (abs)        0031
_RB2                         (abs)        0032
_RB5                         (abs)        0035
_RB6                         (abs)        0036
_RCIE                        (abs)        0465
_RCIF                        (abs)        0065
_RCREG                       (abs)        001A
_RS                          bssBANK0     0044
_RX9                         (abs)        00C6
_SEN                         (abs)        0488
_SPBRG                       (abs)        0099
_SPEN                        (abs)        00C7
_SSPADD                      (abs)        0093
_SSPBUF                      (abs)        0013
_SSPCON                      (abs)        0014
_SSPCON2                     (abs)        0091
_SSPIF                       (abs)        0063
_SSPSTAT                     (abs)        0094
_SYNC                        (abs)        04C4
_SelectServo                 bssCOMMON    007C
_Servo_Init                  text4        06D1
_T0CS                        (abs)        040D
_T0IE                        (abs)        005D
_T0IF                        (abs)        005A
_T2CKPS0                     (abs)        0090
_T2CKPS1                     (abs)        0091
_TMR0                        (abs)        0001
_TMR2ON                      (abs)        0092
_TRISA0                      (abs)        0428
_TRISB0                      (abs)        0430
_TRISB1                      (abs)        0431
_TRISB2                      (abs)        0432
_TRISB5                      (abs)        0435
_TRISB6                      (abs)        0436
_TRISC2                      (abs)        043A
_TRISC3                      (abs)        043B
_TRISC4                      (abs)        043C
_TRISC6                      (abs)        043E
_TRISC7                      (abs)        043F
_TRMT                        (abs)        04C1
_TX9                         (abs)        04C6
_TXEN                        (abs)        04C5
_TXREG                       (abs)        0019
_UART_send_char              text29       06C5
_UART_send_string            text28       05C9
_WR                          (abs)        0C61
__Habs1                      abs1         0000
__Hbank0                     bank0        0000
__Hbank1                     bank1        0000
__Hbank2                     bank2        0000
__Hbank3                     bank3        0000
__HbssBANK0                  bssBANK0     0000
__HbssCOMMON                 bssCOMMON    0000
__Hcinit                     cinit        004E
__Hclrtext                   clrtext      0000
__Hcode                      code         0000
__Hcommon                    common       0000
__Hconfig                    config       2008
__HcstackBANK0               cstackBANK0  0000
__HcstackCOMMON              cstackCOMMON 0000
__HdataBANK0                 dataBANK0    0000
__HdataCOMMON                dataCOMMON   0000
__Heeprom_data               eeprom_data  0000
__Hend_init                  end_init     0015
__Hfunctab                   functab      0000
__HidataBANK0                idataBANK0   0000
__HidataCOMMON               idataCOMMON  0000
__Hinit                      init         0012
__Hintentry                  intentry     0012
__Hmaintext                  maintext     0000
__HnvBANK0                   nvBANK0      0000
__Hpowerup                   powerup      0000
__Hram                       ram          0000
__Hreset_vec                 reset_vec    0003
__Hsfr0                      sfr0         0000
__Hsfr1                      sfr1         0000
__Hsfr2                      sfr2         0000
__Hsfr3                      sfr3         0000
__Hspace_0                   (abs)        06FB
__Hspace_1                   (abs)        007E
__Hspace_2                   (abs)        0000
__Hspace_3                   (abs)        0000
__Hspace_4                   (abs)        400F
__Hstack                     stack        0000
__Hstrings                   strings      0000
__Htext                      text         0000
__Labs1                      abs1         0000
__Lbank0                     bank0        0000
__Lbank1                     bank1        0000
__Lbank2                     bank2        0000
__Lbank3                     bank3        0000
__LbssBANK0                  bssBANK0     0000
__LbssCOMMON                 bssCOMMON    0000
__Lcinit                     cinit        0015
__Lclrtext                   clrtext      0000
__Lcode                      code         0000
__Lcommon                    common       0000
__Lconfig                    config       0000
__LcstackBANK0               cstackBANK0  0000
__LcstackCOMMON              cstackCOMMON 0000
__LdataBANK0                 dataBANK0    0000
__LdataCOMMON                dataCOMMON   0000
__Leeprom_data               eeprom_data  0000
__Lend_init                  end_init     0012
__Lfunctab                   functab      0000
__LidataBANK0                idataBANK0   0000
__LidataCOMMON               idataCOMMON  0000
__Linit                      init         0012
__Lintentry                  intentry     0004
__Lmaintext                  maintext     0000
__LnvBANK0                   nvBANK0      0000
__Lpowerup                   powerup      0000
__Lram                       ram          0000
__Lreset_vec                 reset_vec    0000
__Lsfr0                      sfr0         0000
__Lsfr1                      sfr1         0000
__Lsfr2                      sfr2         0000
__Lsfr3                      sfr3         0000
__Lspace_0                   (abs)        0000
__Lspace_1                   (abs)        0000
__Lspace_2                   (abs)        0000
__Lspace_3                   (abs)        0000
__Lspace_4                   (abs)        0000
__Lstack                     stack        0000
__Lstrings                   strings      0000
__Ltext                      text         0000
__S0                         (abs)        06FB
__S1                         (abs)        007E
__S2                         (abs)        0000
__S3                         (abs)        0000
___awdiv                     text8        034D
___awdiv@counter             cstackBANK0  002D
___awdiv@dividend            cstackBANK0  002A
___awdiv@divisor             cstackBANK0  0028
___awdiv@quotient            cstackBANK0  002F
___awdiv@sign                cstackBANK0  002E
___awmod                     text7        03B6
___awmod@counter             cstackBANK0  002D
___awmod@dividend            cstackBANK0  002A
___awmod@divisor             cstackBANK0  0028
___awmod@sign                cstackBANK0  002E
___int_sp                    stack        0000
___latbits                   (abs)        0002
___sp                        stack        0000
___stackhi                   (abs)        0000
___stacklo                   (abs)        0000
__end_of_ADC_Init            text24       06AB
__end_of_ADC_Read            text23       0466
__end_of_EEPROM_Read         text22       068F
__end_of_EEPROM_Write        text30       063C
__end_of_I2C_Master_Init     text21       06C5
__end_of_I2C_Master_Start    text18       06EE
__end_of_I2C_Master_Stop     text17       06E5
__end_of_I2C_Master_Wait     text19       06B8
__end_of_I2C_Master_Write    text16       0680
__end_of_IO_Expander_Write   text15       05C9
__end_of_IRS                 text25       0237
__end_of_IR_Init             text20       06FA
__end_of_LCD_CMD             text13       0606
__end_of_LCD_Clear           text12       069D
__end_of_LCD_Init            text11       02E4
__end_of_LCD_Set_Cursor      text10       056C
__end_of_LCD_Write           text6        034D
__end_of_LCD_Write_4Bit      text14       05AA
__end_of_LCD_Write_Char      text9        058B
__end_of_LCD_Write_String    text5        054A
__end_of_Servo_Init          text4        06DC
__end_of_UART_send_char      text29       06D1
__end_of_UART_send_string    text28       05E8
__end_of___awdiv             text8        03B6
__end_of___awmod             text7        0411
__end_of__initialization     cinit        004A
__end_of__stringtab          strings      04BB
__end_of_config_UART         text3        0621
__end_of_init_PWM            text2        0521
__end_of_main                maintext     0147
__end_of_setPWM_DutyCycle    text1        0656
__end_ofi1_ADC_Read          text27       04B5
__end_ofi1_setPWM_DutyCycle  text26       066E
__initialization             cinit        0015
__pbssBANK0                  bssBANK0     003D
__pbssCOMMON                 bssCOMMON    007A
__pcstackBANK0               cstackBANK0  0020
__pcstackCOMMON              cstackCOMMON 0070
__pdataBANK0                 dataBANK0    0045
__pdataCOMMON                dataCOMMON   007D
__pidataBANK0                idataBANK0   06EE
__pidataCOMMON               idataCOMMON  06FA
__pintentry                  intentry     0004
__pmaintext                  maintext     004E
__pnvBANK0                   nvBANK0      004B
__pstrings                   strings      04B5
__ptext1                     text1        063C
__ptext10                    text10       054A
__ptext11                    text11       0237
__ptext12                    text12       068F
__ptext13                    text13       05E8
__ptext14                    text14       058B
__ptext15                    text15       05AA
__ptext16                    text16       066E
__ptext17                    text17       06DC
__ptext18                    text18       06E5
__ptext19                    text19       06AB
__ptext2                     text2        04F4
__ptext20                    text20       06F4
__ptext21                    text21       06B8
__ptext22                    text22       0680
__ptext23                    text23       0411
__ptext24                    text24       069D
__ptext25                    text25       0147
__ptext26                    text26       0656
__ptext27                    text27       0466
__ptext28                    text28       05C9
__ptext29                    text29       06C5
__ptext3                     text3        0606
__ptext30                    text30       0621
__ptext4                     text4        06D1
__ptext5                     text5        0521
__ptext6                     text6        02E4
__ptext7                     text7        03B6
__ptext8                     text8        034D
__ptext9                     text9        056C
__size_of_ADC_Init           (abs)        0000
__size_of_ADC_Read           (abs)        0000
__size_of_EEPROM_Read        (abs)        0000
__size_of_EEPROM_Write       (abs)        0000
__size_of_I2C_Master_Init    (abs)        0000
__size_of_I2C_Master_Start   (abs)        0000
__size_of_I2C_Master_Stop    (abs)        0000
__size_of_I2C_Master_Wait    (abs)        0000
__size_of_I2C_Master_Write   (abs)        0000
__size_of_IO_Expander_Write  (abs)        0000
__size_of_IRS                (abs)        0000
__size_of_IR_Init            (abs)        0000
__size_of_LCD_CMD            (abs)        0000
__size_of_LCD_Clear          (abs)        0000
__size_of_LCD_Init           (abs)        0000
__size_of_LCD_Set_Cursor     (abs)        0000
__size_of_LCD_Write          (abs)        0000
__size_of_LCD_Write_4Bit     (abs)        0000
__size_of_LCD_Write_Char     (abs)        0000
__size_of_LCD_Write_String   (abs)        0000
__size_of_Servo_Init         (abs)        0000
__size_of_UART_send_char     (abs)        0000
__size_of_UART_send_string   (abs)        0000
__size_of___awdiv            (abs)        0000
__size_of___awmod            (abs)        0000
__size_of_config_UART        (abs)        0000
__size_of_init_PWM           (abs)        0000
__size_of_main               (abs)        0000
__size_of_setPWM_DutyCycle   (abs)        0000
__size_ofi1_ADC_Read         (abs)        0000
__size_ofi1_setPWM_DutyCycle (abs)        0000
__stringbase                 strings      04BA
__stringtab                  strings      04B5
_cnt_pos                     bssCOMMON    007B
_config_UART                 text3        0606
_count_sp1                   bssBANK0     0041
_count_sp2                   bssBANK0     0040
_count_sp3                   bssBANK0     003F
_flag_dc                     dataBANK0    0047
_flag_tmp                    bssBANK0     0043
_i2c_add                     nvBANK0      004B
_init_PWM                    text2        04F4
_main                        maintext     004E
_pos                         dataCOMMON   007D
_result                      bssCOMMON    007A
_setPWM_DutyCycle            text1        063C
btemp                        (abs)        007E
end_of_initialization        cinit        004A
i1ADC_Read@ADC_channel       cstackCOMMON 0075
i1ADC_Read@result            cstackCOMMON 0073
i1_ADC_Read                  text27       0466
i1_setPWM_DutyCycle          text26       0656
i1setPWM_DutyCycle@DC        cstackCOMMON 0076
interrupt_function           intentry     0004
intlevel0                    functab      0000
intlevel1                    functab      0000
intlevel2                    functab      0000
intlevel3                    functab      0000
intlevel4                    functab      0000
intlevel5                    functab      0000
reset_vec                    reset_vec    0000
saved_w                      (abs)        007E
setPWM_DutyCycle@DC          cstackBANK0  002E
start                        init         0012
start_initialization         cinit        0015
wtemp0                       (abs)        007E


FUNCTION INFORMATION:

 *************** function _main *****************
 Defined at:
		line 76 in file "BTL_HIHI_main.c"
 Parameters:    Size  Location     Type
		None
 Auto vars:     Size  Location     Type
  tmp             1    0        unsigned char 
 Return value:  Size  Location     Type
                  1    wreg      void 
 Registers used:
		wreg, fsr0l, fsr0h, status,2, status,0, pclath, cstack
 Tracked objects:
		On entry : 
		On exit  : 
		Unchanged: 
 Data sizes:     COMMON   BANK0   BANK1   BANK3   BANK2
      Params:         0       0       0       0       0
      Locals:         0       0       0       0       0
      Temps:          0       2       0       0       0
      Totals:         0       2       0       0       0
Total ram usage:        2 bytes
 Hardware stack levels required when called:   10
 This function calls:
		_ADC_Init
		_ADC_Read
		_EEPROM_Read
		_I2C_Master_Init
		_IR_Init
		_LCD_Clear
		_LCD_Init
		_LCD_Set_Cursor
		_LCD_Write
		_LCD_Write_String
		_Servo_Init
		_config_UART
		_init_PWM
		_setPWM_DutyCycle
 This function is called by:
		Startup code after reset
 This function uses a non-reentrant model


 *************** function _setPWM_DutyCycle *****************
 Defined at:
		line 386 in file "BTL_HIHI_main.c"
 Parameters:    Size  Location     Type
  DC              2   14[BANK0 ] unsigned int 
 Auto vars:     Size  Location     Type
		None
 Return value:  Size  Location     Type
                  1    wreg      void 
 Registers used:
		wreg, status,2, status,0
 Tracked objects:
		On entry : 
		On exit  : 
		Unchanged: 
 Data sizes:     COMMON   BANK0   BANK1   BANK3   BANK2
      Params:         0       2       0       0       0
      Locals:         0       0       0       0       0
      Temps:          0       2       0       0       0
      Totals:         0       4       0       0       0
Total ram usage:        4 bytes
 Hardware stack levels used:    1
 Hardware stack levels required when called:    3
 This function calls:
		Nothing
 This function is called by:
		_main
 This function uses a non-reentrant model


 *************** function _init_PWM *****************
 Defined at:
		line 355 in file "BTL_HIHI_main.c"
 Parameters:    Size  Location     Type
		None
 Auto vars:     Size  Location     Type
		None
 Return value:  Size  Location     Type
                  1    wreg      void 
 Registers used:
		wreg, fsr0l, fsr0h, status,2, status,0
 Tracked objects:
		On entry : 
		On exit  : 
		Unchanged: 
 Data sizes:     COMMON   BANK0   BANK1   BANK3   BANK2
      Params:         0       0       0       0       0
      Locals:         0       0       0       0       0
      Temps:          0       0       0       0       0
      Totals:         0       0       0       0       0
Total ram usage:        0 bytes
 Hardware stack levels used:    1
 Hardware stack levels required when called:    3
 This function calls:
		Nothing
 This function is called by:
		_main
 This function uses a non-reentrant model


 *************** function _config_UART *****************
 Defined at:
		line 419 in file "BTL_HIHI_main.c"
 Parameters:    Size  Location     Type
		None
 Auto vars:     Size  Location     Type
		None
 Return value:  Size  Location     Type
                  1    wreg      void 
 Registers used:
		wreg
 Tracked objects:
		On entry : 
		On exit  : 
		Unchanged: 
 Data sizes:     COMMON   BANK0   BANK1   BANK3   BANK2
      Params:         0       0       0       0       0
      Locals:         0       0       0       0       0
      Temps:          0       0       0       0       0
      Totals:         0       0       0       0       0
Total ram usage:        0 bytes
 Hardware stack levels used:    1
 Hardware stack levels required when called:    3
 This function calls:
		Nothing
 This function is called by:
		_main
 This function uses a non-reentrant model


 *************** function _Servo_Init *****************
 Defined at:
		line 261 in file "BTL_HIHI_main.c"
 Parameters:    Size  Location     Type
		None
 Auto vars:     Size  Location     Type
		None
 Return value:  Size  Location     Type
                  1    wreg      void 
 Registers used:
		None
 Tracked objects:
		On entry : 
		On exit  : 
		Unchanged: 
 Data sizes:     COMMON   BANK0   BANK1   BANK3   BANK2
      Params:         0       0       0       0       0
      Locals:         0       0       0       0       0
      Temps:          0       0       0       0       0
      Totals:         0       0       0       0       0
Total ram usage:        0 bytes
 Hardware stack levels used:    1
 Hardware stack levels required when called:    3
 This function calls:
		Nothing
 This function is called by:
		_main
 This function uses a non-reentrant model


 *************** function _LCD_Write_String *****************
 Defined at:
		line 106 in file "I2C_LCD.c"
 Parameters:    Size  Location     Type
  Str             1    wreg     PTR unsigned char 
		 -> STR_3(16), STR_2(17), STR_1(17), 
 Auto vars:     Size  Location     Type
  Str             1   16[BANK0 ] PTR unsigned char 
		 -> STR_3(16), STR_2(17), STR_1(17), 
  i               2   14[BANK0 ] int 
 Return value:  Size  Location     Type
                  1    wreg      void 
 Registers used:
		wreg, fsr0l, fsr0h, status,2, status,0, pclath, cstack
 Tracked objects:
		On entry : 
		On exit  : 
		Unchanged: 
 Data sizes:     COMMON   BANK0   BANK1   BANK3   BANK2
      Params:         0       0       0       0       0
      Locals:         0       3       0       0       0
      Temps:          0       0       0       0       0
      Totals:         0       3       0       0       0
Total ram usage:        3 bytes
 Hardware stack levels used:    1
 Hardware stack levels required when called:    8
 This function calls:
		_LCD_Write_Char
 This function is called by:
		_main
 This function uses a non-reentrant model


 *************** function _LCD_Write *****************
 Defined at:
		line 278 in file "BTL_HIHI_main.c"
 Parameters:    Size  Location     Type
  count_sp        1    wreg     unsigned char 
  x               1   18[BANK0 ] unsigned char 
  y               1   19[BANK0 ] unsigned char 
 Auto vars:     Size  Location     Type
  count_sp        1   26[BANK0 ] unsigned char 
  y_              1   25[BANK0 ] unsigned char 
  c               1   24[BANK0 ] unsigned char 
  i               1   23[BANK0 ] unsigned char 
 Return value:  Size  Location     Type
                  1    wreg      void 
 Registers used:
		wreg, fsr0l, fsr0h, status,2, status,0, pclath, cstack
 Tracked objects:
		On entry : 
		On exit  : 
		Unchanged: 
 Data sizes:     COMMON   BANK0   BANK1   BANK3   BANK2
      Params:         0       2       0       0       0
      Locals:         0       4       0       0       0
      Temps:          0       3       0       0       0
      Totals:         0       9       0       0       0
Total ram usage:        9 bytes
 Hardware stack levels used:    1
 Hardware stack levels required when called:    9
 This function calls:
		_LCD_Set_Cursor
		_LCD_Write_Char
		___awdiv
		___awmod
 This function is called by:
		_main
 This function uses a non-reentrant model


 *************** function ___awmod *****************
 Defined at:
		line 5 in file "C:\Program Files\Microchip\xc8\v2.30\pic\sources\c90\common\awmod.c"
 Parameters:    Size  Location     Type
  divisor         2    8[BANK0 ] int 
  dividend        2   10[BANK0 ] int 
 Auto vars:     Size  Location     Type
  sign            1   14[BANK0 ] unsigned char 
  counter         1   13[BANK0 ] unsigned char 
 Return value:  Size  Location     Type
                  2    8[BANK0 ] int 
 Registers used:
		wreg, status,2, status,0
 Tracked objects:
		On entry : 
		On exit  : 
		Unchanged: 
 Data sizes:     COMMON   BANK0   BANK1   BANK3   BANK2
      Params:         0       4       0       0       0
      Locals:         0       2       0       0       0
      Temps:          0       1       0       0       0
      Totals:         0       7       0       0       0
Total ram usage:        7 bytes
 Hardware stack levels used:    1
 Hardware stack levels required when called:    3
 This function calls:
		Nothing
 This function is called by:
		_LCD_Write
 This function uses a non-reentrant model


 *************** function ___awdiv *****************
 Defined at:
		line 5 in file "C:\Program Files\Microchip\xc8\v2.30\pic\sources\c90\common\awdiv.c"
 Parameters:    Size  Location     Type
  divisor         2    8[BANK0 ] int 
  dividend        2   10[BANK0 ] int 
 Auto vars:     Size  Location     Type
  quotient        2   15[BANK0 ] int 
  sign            1   14[BANK0 ] unsigned char 
  counter         1   13[BANK0 ] unsigned char 
 Return value:  Size  Location     Type
                  2    8[BANK0 ] int 
 Registers used:
		wreg, status,2, status,0
 Tracked objects:
		On entry : 
		On exit  : 
		Unchanged: 
 Data sizes:     COMMON   BANK0   BANK1   BANK3   BANK2
      Params:         0       4       0       0       0
      Locals:         0       4       0       0       0
      Temps:          0       1       0       0       0
      Totals:         0       9       0       0       0
Total ram usage:        9 bytes
 Hardware stack levels used:    1
 Hardware stack levels required when called:    3
 This function calls:
		Nothing
 This function is called by:
		_LCD_Write
 This function uses a non-reentrant model


 *************** function _LCD_Write_Char *****************
 Defined at:
		line 99 in file "I2C_LCD.c"
 Parameters:    Size  Location     Type
  Data            1    wreg     unsigned char 
 Auto vars:     Size  Location     Type
  Data            1   13[BANK0 ] unsigned char 
 Return value:  Size  Location     Type
                  1    wreg      void 
 Registers used:
		wreg, status,2, status,0, pclath, cstack
 Tracked objects:
		On entry : 
		On exit  : 
		Unchanged: 
 Data sizes:     COMMON   BANK0   BANK1   BANK3   BANK2
      Params:         0       0       0       0       0
      Locals:         0       1       0       0       0
      Temps:          0       1       0       0       0
      Totals:         0       2       0       0       0
Total ram usage:        2 bytes
 Hardware stack levels used:    1
 Hardware stack levels required when called:    7
 This function calls:
		_LCD_Write_4Bit
 This function is called by:
		_LCD_Write_String
		_LCD_Write
 This function uses a non-reentrant model


 *************** function _LCD_Set_Cursor *****************
 Defined at:
		line 112 in file "I2C_LCD.c"
 Parameters:    Size  Location     Type
  ROW             1    wreg     unsigned char 
  COL             1   14[BANK0 ] unsigned char 
 Auto vars:     Size  Location     Type
  ROW             1   17[BANK0 ] unsigned char 
 Return value:  Size  Location     Type
                  1    wreg      void 
 Registers used:
		wreg, fsr0l, fsr0h, status,2, status,0, pclath, cstack
 Tracked objects:
		On entry : 
		On exit  : 
		Unchanged: 
 Data sizes:     COMMON   BANK0   BANK1   BANK3   BANK2
      Params:         0       1       0       0       0
      Locals:         0       1       0       0       0
      Temps:          0       2       0       0       0
      Totals:         0       4       0       0       0
Total ram usage:        4 bytes
 Hardware stack levels used:    1
 Hardware stack levels required when called:    8
 This function calls:
		_LCD_CMD
 This function is called by:
		_main
		_LCD_Write
 This function uses a non-reentrant model


 *************** function _LCD_Init *****************
 Defined at:
		line 52 in file "I2C_LCD.c"
 Parameters:    Size  Location     Type
  I2C_Add         1    wreg     unsigned char 
 Auto vars:     Size  Location     Type
  I2C_Add         1   17[BANK0 ] unsigned char 
 Return value:  Size  Location     Type
                  1    wreg      void 
 Registers used:
		wreg, status,2, status,0, pclath, cstack
 Tracked objects:
		On entry : 
		On exit  : 
		Unchanged: 
 Data sizes:     COMMON   BANK0   BANK1   BANK3   BANK2
      Params:         0       0       0       0       0
      Locals:         0       1       0       0       0
      Temps:          0       3       0       0       0
      Totals:         0       4       0       0       0
Total ram usage:        4 bytes
 Hardware stack levels used:    1
 Hardware stack levels required when called:    8
 This function calls:
		_IO_Expander_Write
		_LCD_CMD
 This function is called by:
		_main
 This function uses a non-reentrant model


 *************** function _LCD_Clear *****************
 Defined at:
		line 150 in file "I2C_LCD.c"
 Parameters:    Size  Location     Type
		None
 Auto vars:     Size  Location     Type
		None
 Return value:  Size  Location     Type
                  1    wreg      void 
 Registers used:
		wreg, status,2, status,0, pclath, cstack
 Tracked objects:
		On entry : 
		On exit  : 
		Unchanged: 
 Data sizes:     COMMON   BANK0   BANK1   BANK3   BANK2
      Params:         0       0       0       0       0
      Locals:         0       0       0       0       0
      Temps:          0       1       0       0       0
      Totals:         0       1       0       0       0
Total ram usage:        1 bytes
 Hardware stack levels used:    1
 Hardware stack levels required when called:    8
 This function calls:
		_LCD_CMD
 This function is called by:
		_main
 This function uses a non-reentrant model


 *************** function _LCD_CMD *****************
 Defined at:
		line 92 in file "I2C_LCD.c"
 Parameters:    Size  Location     Type
  CMD             1    wreg     unsigned char 
 Auto vars:     Size  Location     Type
  CMD             1   13[BANK0 ] unsigned char 
 Return value:  Size  Location     Type
                  1    wreg      void 
 Registers used:
		wreg, status,2, status,0, pclath, cstack
 Tracked objects:
		On entry : 
		On exit  : 
		Unchanged: 
 Data sizes:     COMMON   BANK0   BANK1   BANK3   BANK2
      Params:         0       0       0       0       0
      Locals:         0       1       0       0       0
      Temps:          0       1       0       0       0
      Totals:         0       2       0       0       0
Total ram usage:        2 bytes
 Hardware stack levels used:    1
 Hardware stack levels required when called:    7
 This function calls:
		_LCD_Write_4Bit
 This function is called by:
		_LCD_Init
		_LCD_Set_Cursor
		_LCD_Clear
		_LCD_SL
		_LCD_SR
 This function uses a non-reentrant model


 *************** function _LCD_Write_4Bit *****************
 Defined at:
		line 83 in file "I2C_LCD.c"
 Parameters:    Size  Location     Type
  Nibble          1    wreg     unsigned char 
 Auto vars:     Size  Location     Type
  Nibble          1   11[BANK0 ] unsigned char 
 Return value:  Size  Location     Type
                  1    wreg      void 
 Registers used:
		wreg, status,2, status,0, pclath, cstack
 Tracked objects:
		On entry : 
		On exit  : 
		Unchanged: 
 Data sizes:     COMMON   BANK0   BANK1   BANK3   BANK2
      Params:         0       0       0       0       0
      Locals:         0       1       0       0       0
      Temps:          0       1       0       0       0
      Totals:         0       2       0       0       0
Total ram usage:        2 bytes
 Hardware stack levels used:    1
 Hardware stack levels required when called:    6
 This function calls:
		_IO_Expander_Write
 This function is called by:
		_LCD_CMD
		_LCD_Write_Char
 This function uses a non-reentrant model


 *************** function _IO_Expander_Write *****************
 Defined at:
		line 75 in file "I2C_LCD.c"
 Parameters:    Size  Location     Type
  Data            1    wreg     unsigned char 
 Auto vars:     Size  Location     Type
  Data            1    9[BANK0 ] unsigned char 
 Return value:  Size  Location     Type
                  1    wreg      void 
 Registers used:
		wreg, status,2, status,0, pclath, cstack
 Tracked objects:
		On entry : 
		On exit  : 
		Unchanged: 
 Data sizes:     COMMON   BANK0   BANK1   BANK3   BANK2
      Params:         0       0       0       0       0
      Locals:         0       1       0       0       0
      Temps:          0       0       0       0       0
      Totals:         0       1       0       0       0
Total ram usage:        1 bytes
 Hardware stack levels used:    1
 Hardware stack levels required when called:    5
 This function calls:
		_I2C_Master_Start
		_I2C_Master_Stop
		_I2C_Master_Write
 This function is called by:
		_LCD_Init
		_LCD_Write_4Bit
		_Backlight
		_noBacklight
 This function uses a non-reentrant model


 *************** function _I2C_Master_Write *****************
 Defined at:
		line 37 in file "I2C_LCD.c"
 Parameters:    Size  Location     Type
  data            1    wreg     unsigned char 
 Auto vars:     Size  Location     Type
  data            1    8[BANK0 ] unsigned char 
 Return value:  Size  Location     Type
                  1    wreg      unsigned char 
 Registers used:
		wreg, status,2, status,0, pclath, cstack
 Tracked objects:
		On entry : 
		On exit  : 
		Unchanged: 
 Data sizes:     COMMON   BANK0   BANK1   BANK3   BANK2
      Params:         0       0       0       0       0
      Locals:         0       1       0       0       0
      Temps:          0       0       0       0       0
      Totals:         0       1       0       0       0
Total ram usage:        1 bytes
 Hardware stack levels used:    1
 Hardware stack levels required when called:    4
 This function calls:
		_I2C_Master_Wait
 This function is called by:
		_IO_Expander_Write
 This function uses a non-reentrant model


 *************** function _I2C_Master_Stop *****************
 Defined at:
		line 31 in file "I2C_LCD.c"
 Parameters:    Size  Location     Type
		None
 Auto vars:     Size  Location     Type
		None
 Return value:  Size  Location     Type
                  1    wreg      void 
 Registers used:
		wreg, status,2, status,0, pclath, cstack
 Tracked objects:
		On entry : 
		On exit  : 
		Unchanged: 
 Data sizes:     COMMON   BANK0   BANK1   BANK3   BANK2
      Params:         0       0       0       0       0
      Locals:         0       0       0       0       0
      Temps:          0       0       0       0       0
      Totals:         0       0       0       0       0
Total ram usage:        0 bytes
 Hardware stack levels used:    1
 Hardware stack levels required when called:    4
 This function calls:
		_I2C_Master_Wait
 This function is called by:
		_IO_Expander_Write
 This function uses a non-reentrant model


 *************** function _I2C_Master_Start *****************
 Defined at:
		line 25 in file "I2C_LCD.c"
 Parameters:    Size  Location     Type
		None
 Auto vars:     Size  Location     Type
		None
 Return value:  Size  Location     Type
                  1    wreg      void 
 Registers used:
		wreg, status,2, status,0, pclath, cstack
 Tracked objects:
		On entry : 
		On exit  : 
		Unchanged: 
 Data sizes:     COMMON   BANK0   BANK1   BANK3   BANK2
      Params:         0       0       0       0       0
      Locals:         0       0       0       0       0
      Temps:          0       0       0       0       0
      Totals:         0       0       0       0       0
Total ram usage:        0 bytes
 Hardware stack levels used:    1
 Hardware stack levels required when called:    4
 This function calls:
		_I2C_Master_Wait
 This function is called by:
		_IO_Expander_Write
 This function uses a non-reentrant model


 *************** function _I2C_Master_Wait *****************
 Defined at:
		line 19 in file "I2C_LCD.c"
 Parameters:    Size  Location     Type
		None
 Auto vars:     Size  Location     Type
		None
 Return value:  Size  Location     Type
                  1    wreg      void 
 Registers used:
		wreg, status,2
 Tracked objects:
		On entry : 
		On exit  : 
		Unchanged: 
 Data sizes:     COMMON   BANK0   BANK1   BANK3   BANK2
      Params:         0       0       0       0       0
      Locals:         0       0       0       0       0
      Temps:          0       0       0       0       0
      Totals:         0       0       0       0       0
Total ram usage:        0 bytes
 Hardware stack levels used:    1
 Hardware stack levels required when called:    3
 This function calls:
		Nothing
 This function is called by:
		_I2C_Master_Start
		_I2C_Master_Stop
		_I2C_Master_Write
 This function uses a non-reentrant model


 *************** function _IR_Init *****************
 Defined at:
		line 398 in file "BTL_HIHI_main.c"
 Parameters:    Size  Location     Type
		None
 Auto vars:     Size  Location     Type
		None
 Return value:  Size  Location     Type
                  1    wreg      void 
 Registers used:
		None
 Tracked objects:
		On entry : 
		On exit  : 
		Unchanged: 
 Data sizes:     COMMON   BANK0   BANK1   BANK3   BANK2
      Params:         0       0       0       0       0
      Locals:         0       0       0       0       0
      Temps:          0       0       0       0       0
      Totals:         0       0       0       0       0
Total ram usage:        0 bytes
 Hardware stack levels used:    1
 Hardware stack levels required when called:    3
 This function calls:
		Nothing
 This function is called by:
		_main
 This function uses a non-reentrant model


 *************** function _I2C_Master_Init *****************
 Defined at:
		line 9 in file "I2C_LCD.c"
 Parameters:    Size  Location     Type
		None
 Auto vars:     Size  Location     Type
		None
 Return value:  Size  Location     Type
                  1    wreg      void 
 Registers used:
		wreg, status,2
 Tracked objects:
		On entry : 
		On exit  : 
		Unchanged: 
 Data sizes:     COMMON   BANK0   BANK1   BANK3   BANK2
      Params:         0       0       0       0       0
      Locals:         0       0       0       0       0
      Temps:          0       0       0       0       0
      Totals:         0       0       0       0       0
Total ram usage:        0 bytes
 Hardware stack levels used:    1
 Hardware stack levels required when called:    3
 This function calls:
		Nothing
 This function is called by:
		_main
 This function uses a non-reentrant model


 *************** function _EEPROM_Read *****************
 Defined at:
		line 444 in file "BTL_HIHI_main.c"
 Parameters:    Size  Location     Type
  Address         1    wreg     unsigned char 
 Auto vars:     Size  Location     Type
  Address         1    8[BANK0 ] unsigned char 
 Return value:  Size  Location     Type
                  1    wreg      unsigned char 
 Registers used:
		wreg
 Tracked objects:
		On entry : 
		On exit  : 
		Unchanged: 
 Data sizes:     COMMON   BANK0   BANK1   BANK3   BANK2
      Params:         0       0       0       0       0
      Locals:         0       1       0       0       0
      Temps:          0       0       0       0       0
      Totals:         0       1       0       0       0
Total ram usage:        1 bytes
 Hardware stack levels used:    1
 Hardware stack levels required when called:    3
 This function calls:
		Nothing
 This function is called by:
		_main
 This function uses a non-reentrant model


 *************** function _ADC_Read *****************
 Defined at:
		line 328 in file "BTL_HIHI_main.c"
 Parameters:    Size  Location     Type
  ADC_channel     1    wreg     unsigned char 
 Auto vars:     Size  Location     Type
  ADC_channel     1   13[BANK0 ] unsigned char 
  result          2   11[BANK0 ] unsigned int 
 Return value:  Size  Location     Type
                  2    8[BANK0 ] unsigned int 
 Registers used:
		wreg, status,2, status,0
 Tracked objects:
		On entry : 
		On exit  : 
		Unchanged: 
 Data sizes:     COMMON   BANK0   BANK1   BANK3   BANK2
      Params:         0       2       0       0       0
      Locals:         0       3       0       0       0
      Temps:          0       1       0       0       0
      Totals:         0       6       0       0       0
Total ram usage:        6 bytes
 Hardware stack levels used:    1
 Hardware stack levels required when called:    3
 This function calls:
		Nothing
 This function is called by:
		_main
 This function uses a non-reentrant model


 *************** function _ADC_Init *****************
 Defined at:
		line 306 in file "BTL_HIHI_main.c"
 Parameters:    Size  Location     Type
		None
 Auto vars:     Size  Location     Type
		None
 Return value:  Size  Location     Type
                  1    wreg      void 
 Registers used:
		None
 Tracked objects:
		On entry : 
		On exit  : 
		Unchanged: 
 Data sizes:     COMMON   BANK0   BANK1   BANK3   BANK2
      Params:         0       0       0       0       0
      Locals:         0       0       0       0       0
      Temps:          0       0       0       0       0
      Totals:         0       0       0       0       0
Total ram usage:        0 bytes
 Hardware stack levels used:    1
 Hardware stack levels required when called:    3
 This function calls:
		Nothing
 This function is called by:
		_main
 This function uses a non-reentrant model


 *************** function _IRS *****************
 Defined at:
		line 161 in file "BTL_HIHI_main.c"
 Parameters:    Size  Location     Type
		None
 Auto vars:     Size  Location     Type
		None
 Return value:  Size  Location     Type
                  1    wreg      void 
 Registers used:
		wreg, fsr0l, fsr0h, status,2, status,0, pclath, cstack
 Tracked objects:
		On entry : 
		On exit  : 
		Unchanged: 
 Data sizes:     COMMON   BANK0   BANK1   BANK3   BANK2
      Params:         0       0       0       0       0
      Locals:         0       0       0       0       0
      Temps:          0       8       0       0       0
      Totals:         0       8       0       0       0
Total ram usage:        8 bytes
 Hardware stack levels used:    1
 Hardware stack levels required when called:    2
 This function calls:
		_EEPROM_Write
		_UART_send_string
		i1_ADC_Read
		i1_setPWM_DutyCycle
 This function is called by:
		Interrupt level 1
 This function uses a non-reentrant model


 *************** function i1_setPWM_DutyCycle *****************
 Defined at:
		line 386 in file "BTL_HIHI_main.c"
 Parameters:    Size  Location     Type
  DC              2    6[COMMON] unsigned int 
 Auto vars:     Size  Location     Type
		None
 Return value:  Size  Location     Type
                  1    wreg      void 
 Registers used:
		wreg, status,2, status,0
 Tracked objects:
		On entry : 
		On exit  : 
		Unchanged: 
 Data sizes:     COMMON   BANK0   BANK1   BANK3   BANK2
      Params:         2       0       0       0       0
      Locals:         0       0       0       0       0
      Temps:          2       0       0       0       0
      Totals:         4       0       0       0       0
Total ram usage:        4 bytes
 Hardware stack levels used:    1
 This function calls:
		Nothing
 This function is called by:
		_IRS
 This function uses a non-reentrant model


 *************** function i1_ADC_Read *****************
 Defined at:
		line 328 in file "BTL_HIHI_main.c"
 Parameters:    Size  Location     Type
  ADC_channel     1    wreg     unsigned char 
 Auto vars:     Size  Location     Type
  ADC_channel     1    5[COMMON] unsigned char 
  result          2    3[COMMON] unsigned int 
 Return value:  Size  Location     Type
                  2    0[COMMON] unsigned int 
 Registers used:
		wreg, status,2, status,0
 Tracked objects:
		On entry : 
		On exit  : 
		Unchanged: 
 Data sizes:     COMMON   BANK0   BANK1   BANK3   BANK2
      Params:         2       0       0       0       0
      Locals:         3       0       0       0       0
      Temps:          1       0       0       0       0
      Totals:         6       0       0       0       0
Total ram usage:        6 bytes
 Hardware stack levels used:    1
 This function calls:
		Nothing
 This function is called by:
		_IRS
 This function uses a non-reentrant model


 *************** function _UART_send_string *****************
 Defined at:
		line 413 in file "BTL_HIHI_main.c"
 Parameters:    Size  Location     Type
  st_pt           1    wreg     PTR unsigned char 
		 -> STR_4(7), 
 Auto vars:     Size  Location     Type
  st_pt           1    2[COMMON] PTR unsigned char 
		 -> STR_4(7), 
 Return value:  Size  Location     Type
                  1    wreg      void 
 Registers used:
		wreg, fsr0l, fsr0h, status,2, status,0, pclath, cstack
 Tracked objects:
		On entry : 
		On exit  : 
		Unchanged: 
 Data sizes:     COMMON   BANK0   BANK1   BANK3   BANK2
      Params:         0       0       0       0       0
      Locals:         1       0       0       0       0
      Temps:          1       0       0       0       0
      Totals:         2       0       0       0       0
Total ram usage:        2 bytes
 Hardware stack levels used:    1
 Hardware stack levels required when called:    1
 This function calls:
		_UART_send_char
 This function is called by:
		_IRS
 This function uses a non-reentrant model


 *************** function _UART_send_char *****************
 Defined at:
		line 406 in file "BTL_HIHI_main.c"
 Parameters:    Size  Location     Type
  bt              1    wreg     unsigned char 
 Auto vars:     Size  Location     Type
  bt              1    0[COMMON] unsigned char 
 Return value:  Size  Location     Type
                  1    wreg      void 
 Registers used:
		wreg
 Tracked objects:
		On entry : 
		On exit  : 
		Unchanged: 
 Data sizes:     COMMON   BANK0   BANK1   BANK3   BANK2
      Params:         0       0       0       0       0
      Locals:         1       0       0       0       0
      Temps:          0       0       0       0       0
      Totals:         1       0       0       0       0
Total ram usage:        1 bytes
 Hardware stack levels used:    1
 This function calls:
		Nothing
 This function is called by:
		_UART_send_string
 This function uses a non-reentrant model


 *************** function _EEPROM_Write *****************
 Defined at:
		line 451 in file "BTL_HIHI_main.c"
 Parameters:    Size  Location     Type
  Address         1    wreg     unsigned char 
  Data            1    0[COMMON] unsigned char 
 Auto vars:     Size  Location     Type
  Address         1    1[COMMON] unsigned char 
 Return value:  Size  Location     Type
                  1    wreg      void 
 Registers used:
		wreg
 Tracked objects:
		On entry : 
		On exit  : 
		Unchanged: 
 Data sizes:     COMMON   BANK0   BANK1   BANK3   BANK2
      Params:         1       0       0       0       0
      Locals:         1       0       0       0       0
      Temps:          0       0       0       0       0
      Totals:         2       0       0       0       0
Total ram usage:        2 bytes
 Hardware stack levels used:    1
 This function calls:
		Nothing
 This function is called by:
		_IRS
 This function uses a non-reentrant model



MODULE INFORMATION

Module		Function		Class		Link	Load	Size
C:\Program Files\Microchip\xc8\v2.30\pic\sources\c90\common\awmod.c
		___awmod       		CODE           	03B6	0000	91

C:\Program Files\Microchip\xc8\v2.30\pic\sources\c90\common\awmod.c estimated size: 91

BTL_HIHI_main.c
		_IRS           		CODE           	0147	0000	240
		_Servo_Init    		CODE           	06D1	0000	11
		_EEPROM_Read   		CODE           	0680	0000	15
		_setPWM_DutyCycle		CODE           	063C	0000	26
		_EEPROM_Write  		CODE           	0621	0000	27
		_main          		CODE           	004E	0000	249
		_UART_send_string		CODE           	05C9	0000	31
		_init_PWM      		CODE           	04F4	0000	45
		_UART_send_char		CODE           	06C5	0000	12
		_IR_Init       		CODE           	06F4	0000	6
		_LCD_Write     		CODE           	02E4	0000	105
		_ADC_Read      		CODE           	0411	0000	85
		_config_UART   		CODE           	0606	0000	27
		_ADC_Init      		CODE           	069D	0000	14

BTL_HIHI_main.c estimated size: 893

C:\Program Files\Microchip\xc8\v2.30\pic\sources\c90\common\awdiv.c
		___awdiv       		CODE           	034D	0000	105

C:\Program Files\Microchip\xc8\v2.30\pic\sources\c90\common\awdiv.c estimated size: 105

shared
		i1_setPWM_DutyCycle		CODE           	0656	0000	24
		__stringtab    		STRING         	04B5	0000	6
		__initialization		CODE           	0015	0000	53
		i1_ADC_Read    		CODE           	0466	0000	79

shared estimated size: 162

I2C_LCD.c
		_LCD_Init      		CODE           	0237	0000	173
		_LCD_Write_4Bit		CODE           	058B	0000	31
		_LCD_Write_Char		CODE           	056C	0000	31
		_LCD_CMD       		CODE           	05E8	0000	30
		_I2C_Master_Wait		CODE           	06AB	0000	13
		_I2C_Master_Init		CODE           	06B8	0000	13
		_I2C_Master_Stop		CODE           	06DC	0000	9
		_LCD_Set_Cursor		CODE           	054A	0000	34
		_LCD_Clear     		CODE           	068F	0000	14
		_IO_Expander_Write		CODE           	05AA	0000	31
		_I2C_Master_Write		CODE           	066E	0000	18
		_I2C_Master_Start		CODE           	06E5	0000	9
		_LCD_Write_String		CODE           	0521	0000	41

I2C_LCD.c estimated size: 447

