Microchip MPLAB XC8 Compiler V2.30

Linker command line:

-W-3 --edf=C:\Program Files\Microchip\xc8\v2.30\pic\dat\en_msgs.txt -cn \
  -h+dist/default/production\final.X.production.sym \
  --cmf=dist/default/production\final.X.production.cmf -z -Q16F877A \
  -oC:\Users\dtan\AppData\Local\Temp\sc7cx2 --defsym=__MPLAB_BUILD=1 \
  -Mdist/default/production/final.X.production.map -E1 -ver=XC8 Compiler \
  --acfsm=1493 -ASTACK=0110h-016Fh -pstack=STACK -ACODE=00h-07FFhx4 \
  -ASTRCODE=00h-01FFFh -ASTRING=00h-0FFhx32 -ACONST=00h-0FFhx32 \
  -AENTRY=00h-0FFhx32 -ACOMMON=070h-07Fh -ABANK0=020h-06Fh \
  -ABANK1=0A0h-0EFh -ABANK2=0110h-016Fh -ABANK3=0190h-01EFh \
  -ARAM=020h-06Fh,0A0h-0EFh,0110h-016Fh,0190h-01EFh \
  -AABS1=020h-07Fh,0A0h-0EFh,0110h-016Fh,0190h-01EFh -ASFR0=00h-01Fh \
  -ASFR1=080h-09Fh -ASFR2=0100h-010Fh -ASFR3=0180h-018Fh \
  -ACONFIG=02007h-02007h -DCONFIG=2 -AIDLOC=02000h-02003h -DIDLOC=2 \
  -AEEDATA=00h-0FFh/02100h -peeprom_data=EEDATA -DEEDATA=2 -DCODE=2 \
  -DSTRCODE=2 -DSTRING=2 -DCONST=2 -DENTRY=2 \
  -preset_vec=00h,intentry=04h,init,end_init -ppowerup=CODE -pcinit=CODE \
  -pfunctab=ENTRY -k C:\Users\dtan\AppData\Local\Temp\sc7cxb.o \
  dist/default/production\final.X.production.o 

Object code version is 3.11

Machine type is 16F877A



                Name                               Link     Load   Length Selector   Space Scale
C:\Users\dtan\AppData\Local\Temp\sc7cxb.o
                end_init                             12       12        3        8       0
                reset_vec                             0        0        3        0       0
                config                             2007     2007        1        0       4
dist/default/production\final.X.production.o
                cinit                                15       15       1E        8       0
                intentry                              4        4        E        8       0
                config                             2007     2007        1        0       4
                text13                              348      348        C      690       0
                text12                              297      297       1F        8       0
                text11                              1F8      1F8       4F        8       0
                text10                              2D1      2D1       1B        8       0
                text9                               306      306       18        8       0
                text8                                FF       FF       A4        8       0
                text7                               32D      32D        E        8       0
                text6                               1A3      1A3       55        8       0
                text5                               31E      31E        F        8       0
                text4                               274      274       23        8       0
                text3                               2B6      2B6       1B        8       0
                text2                               247      247       2D        8       0
                text1                               2EC      2EC       1A        8       0
                maintext                             33       33       CC        8       0
                cstackBANK0                          20       20       12       20       1
                cstackCOMMON                         70       70        A       70       1
                dataBANK0                            36       36        3       20       1
                bssBANK0                             32       32        4       20       1
                bssCOMMON                            7A       7A        4       70       1
                strings                             33B      33B        D      676       0
                idataBANK0                          354      354        3      690       0

TOTAL           Name                               Link     Load   Length     Space
        CLASS   STACK          

        CLASS   CODE           
                end_init                             12       12        3         0
                cinit                                15       15       1E         0
                intentry                              4        4        E         0
                reset_vec                             0        0        3         0
                text13                              348      348        C         0
                text12                              297      297       1F         0
                text11                              1F8      1F8       4F         0
                text10                              2D1      2D1       1B         0
                text9                               306      306       18         0
                text8                                FF       FF       A4         0
                text7                               32D      32D        E         0
                text6                               1A3      1A3       55         0
                text5                               31E      31E        F         0
                text4                               274      274       23         0
                text3                               2B6      2B6       1B         0
                text2                               247      247       2D         0
                text1                               2EC      2EC       1A         0
                maintext                             33       33       CC         0
                idataBANK0                          354      354        3         0

        CLASS   STRCODE        

        CLASS   STRING         
                strings                             33B      33B        D         0

        CLASS   CONST          

        CLASS   ENTRY          

        CLASS   COMMON         
                cstackCOMMON                         70       70        A         1
                bssCOMMON                            7A       7A        4         1

        CLASS   BANK0          
                cstackBANK0                          20       20       12         1
                dataBANK0                            36       36        3         1
                bssBANK0                             32       32        4         1

        CLASS   BANK1          

        CLASS   BANK2          

        CLASS   BANK3          

        CLASS   RAM            

        CLASS   ABS1           
                abs_s1                               7E       7E        2         1

        CLASS   SFR0           

        CLASS   SFR1           

        CLASS   SFR2           

        CLASS   SFR3           

        CLASS   CONFIG         
                config                             2007     2007        1         4

        CLASS   IDLOC          

        CLASS   EEDATA         



SEGMENTS        Name                           Load    Length   Top    Selector   Space  Class     Delta

                reset_vec                      000000  000003  000003         0       0  CODE        2
                intentry                       000004  000337  00033B         8       0  CODE        2
                cstackBANK0                    000020  000019  000039        20       1  BANK0       1
                cstackCOMMON                   000070  00000E  00007E        70       1  COMMON      1
                strings                        00033B  00000D  000348       676       0  STRING      2
                text13                         000348  00000F  000357       690       0  CODE        2


UNUSED ADDRESS RANGES

        Name                Unused          Largest block    Delta
        BANK0            0039-006F             37           1
        BANK1            00A0-00EF             50           1
        BANK2            0110-016F             60           1
        BANK3            0190-01EF             60           1
        CODE             0003-0003              1           2
                         0357-1FFF            800
        CONST            0003-0003              1           2
                         0357-1FFF            100
        EEDATA           2100-21FF            100           2
        ENTRY            0003-0003              1           2
                         0357-1FFF            100
        IDLOC            2000-2003              4           2
        RAM              0039-006F             37           1
                         00A0-00EF             50
                         0110-016F             60
                         0190-01EF             60
        SFR0             0000-001F             20           1
        SFR1             0080-009F             20           1
        SFR2             0100-010F             10           1
        SFR3             0180-018F             10           1
        STACK            0110-016F             60           1
        STRCODE          0003-0003              1           2
                         0357-1FFF           1CA9
        STRING           0003-0003              1           2
                         0357-1FFF            100

                                  Symbol Table

?_ADC_Read                   cstackBANK0  0025
?i1_ADC_Read                 cstackCOMMON 0070
ADC_Read@ADC_channel         cstackBANK0  002A
ADC_Read@result              cstackBANK0  0028
EEPROM_Read@Address          cstackBANK0  0025
EEPROM_Write@Address         cstackBANK0  0026
EEPROM_Write@Data            cstackBANK0  0025
UART_send_char@bt            cstackCOMMON 0070
UART_send_string@st_pt       cstackCOMMON 0072
_ADCS0                       (abs)        00FE
_ADCS1                       (abs)        00FF
_ADCS2                       (abs)        04FE
_ADC_Init                    text7        032D
_ADC_Read                    text6        01A3
_ADFM                        (abs)        04FF
_ADON                        (abs)        00F8
_ADRESH                      (abs)        001E
_ADRESL                      (abs)        009E
_BRGH                        (abs)        04C2
_CCP1M2                      (abs)        00BA
_CCP1M3                      (abs)        00BB
_CCP1X                       (abs)        00BD
_CCP1Y                       (abs)        00BC
_CCPR1L                      (abs)        0015
_CHS0                        (abs)        00FB
_CHS1                        (abs)        00FC
_CHS2                        (abs)        00FD
_CREN                        (abs)        00C4
_EEADR                       (abs)        010D
_EECON1bits                  (abs)        018C
_EECON2                      (abs)        018D
_EEDATA                      (abs)        010C
_EEPGD                       (abs)        0C67
_EEPROM_Read                 text5        031E
_EEPROM_Write                text4        0274
_GIE                         (abs)        005F
_GO_DONE                     (abs)        00FA
_INTE                        (abs)        005C
_INTEDG                      (abs)        040E
_INTF                        (abs)        0059
_ISR                         text8        00FF
_PCFG0                       (abs)        04F8
_PCFG1                       (abs)        04F9
_PCFG2                       (abs)        04FA
_PCFG3                       (abs)        04FB
_PEIE                        (abs)        005E
_PR2                         (abs)        0092
_RA3                         (abs)        002B
_RA4                         (abs)        002C
_RA5                         (abs)        002D
_RB4                         (abs)        0034
_RB5                         (abs)        0035
_RC5                         (abs)        003D
_RCIE                        (abs)        0465
_RCIF                        (abs)        0065
_RCREG                       (abs)        001A
_RD1                         (abs)        0041
_RD2                         (abs)        0042
_RX9                         (abs)        00C6
_SPBRG                       (abs)        0099
_SPEN                        (abs)        00C7
_SYNC                        (abs)        04C4
_T1CKPS0                     (abs)        0084
_T1CKPS1                     (abs)        0085
_T2CKPS0                     (abs)        0090
_T2CKPS1                     (abs)        0091
_TMR1                        (abs)        000E
_TMR1CS                      (abs)        0081
_TMR1H                       (abs)        000F
_TMR1IE                      (abs)        0460
_TMR1IF                      (abs)        0060
_TMR1L                       (abs)        000E
_TMR1ON                      (abs)        0080
_TMR2ON                      (abs)        0092
_TRISA0                      (abs)        0428
_TRISA3                      (abs)        042B
_TRISA4                      (abs)        042C
_TRISA5                      (abs)        042D
_TRISB0                      (abs)        0430
_TRISB4                      (abs)        0434
_TRISB5                      (abs)        0435
_TRISC2                      (abs)        043A
_TRISC3                      (abs)        043B
_TRISC5                      (abs)        043D
_TRISC6                      (abs)        043E
_TRISC7                      (abs)        043F
_TRISD0                      (abs)        0440
_TRMT                        (abs)        04C1
_TX9                         (abs)        04C6
_TXEN                        (abs)        04C5
_TXREG                       (abs)        0019
_UART_send_char              text13       0348
_UART_send_string            text12       0297
_WR                          (abs)        0C61
__Habs1                      abs1         0000
__Hbank0                     bank0        0000
__Hbank1                     bank1        0000
__Hbank2                     bank2        0000
__Hbank3                     bank3        0000
__HbssBANK0                  bssBANK0     0000
__HbssCOMMON                 bssCOMMON    0000
__Hcinit                     cinit        0033
__Hclrtext                   clrtext      0000
__Hcode                      code         0000
__Hcommon                    common       0000
__Hconfig                    config       2008
__HcstackBANK0               cstackBANK0  0000
__HcstackCOMMON              cstackCOMMON 0000
__HdataBANK0                 dataBANK0    0000
__Heeprom_data               eeprom_data  0000
__Hend_init                  end_init     0015
__Hfunctab                   functab      0000
__HidataBANK0                idataBANK0   0000
__Hinit                      init         0012
__Hintentry                  intentry     0012
__Hmaintext                  maintext     0000
__Hpowerup                   powerup      0000
__Hram                       ram          0000
__Hreset_vec                 reset_vec    0003
__Hsfr0                      sfr0         0000
__Hsfr1                      sfr1         0000
__Hsfr2                      sfr2         0000
__Hsfr3                      sfr3         0000
__Hspace_0                   (abs)        0357
__Hspace_1                   (abs)        007E
__Hspace_2                   (abs)        0000
__Hspace_3                   (abs)        0000
__Hspace_4                   (abs)        400F
__Hstack                     stack        0000
__Hstrings                   strings      0000
__Htext                      text         0000
__Labs1                      abs1         0000
__Lbank0                     bank0        0000
__Lbank1                     bank1        0000
__Lbank2                     bank2        0000
__Lbank3                     bank3        0000
__LbssBANK0                  bssBANK0     0000
__LbssCOMMON                 bssCOMMON    0000
__Lcinit                     cinit        0015
__Lclrtext                   clrtext      0000
__Lcode                      code         0000
__Lcommon                    common       0000
__Lconfig                    config       0000
__LcstackBANK0               cstackBANK0  0000
__LcstackCOMMON              cstackCOMMON 0000
__LdataBANK0                 dataBANK0    0000
__Leeprom_data               eeprom_data  0000
__Lend_init                  end_init     0012
__Lfunctab                   functab      0000
__LidataBANK0                idataBANK0   0000
__Linit                      init         0012
__Lintentry                  intentry     0004
__Lmaintext                  maintext     0000
__Lpowerup                   powerup      0000
__Lram                       ram          0000
__Lreset_vec                 reset_vec    0000
__Lsfr0                      sfr0         0000
__Lsfr1                      sfr1         0000
__Lsfr2                      sfr2         0000
__Lsfr3                      sfr3         0000
__Lspace_0                   (abs)        0000
__Lspace_1                   (abs)        0000
__Lspace_2                   (abs)        0000
__Lspace_3                   (abs)        0000
__Lspace_4                   (abs)        0000
__Lstack                     stack        0000
__Lstrings                   strings      0000
__Ltext                      text         0000
__S0                         (abs)        0357
__S1                         (abs)        007E
__S2                         (abs)        0000
__S3                         (abs)        0000
___int_sp                    stack        0000
___latbits                   (abs)        0002
___sp                        stack        0000
___stackhi                   (abs)        0000
___stacklo                   (abs)        0000
__end_of_ADC_Init            text7        033B
__end_of_ADC_Read            text6        01F8
__end_of_EEPROM_Read         text5        032D
__end_of_EEPROM_Write        text4        0297
__end_of_ISR                 text8        01A3
__end_of_UART_send_char      text13       0354
__end_of_UART_send_string    text12       02B6
__end_of__initialization     cinit        002F
__end_of__stringtab          strings      0341
__end_of_config_UART         text3        02D1
__end_of_init_PWM            text2        0274
__end_of_main                maintext     00FF
__end_of_setPWM_DutyCycle    text1        0306
__end_ofi1_ADC_Read          text11       0247
__end_ofi1_EEPROM_Write      text10       02EC
__end_ofi1_setPWM_DutyCycle  text9        031E
__initialization             cinit        0015
__pbssBANK0                  bssBANK0     0032
__pbssCOMMON                 bssCOMMON    007A
__pcstackBANK0               cstackBANK0  0020
__pcstackCOMMON              cstackCOMMON 0070
__pdataBANK0                 dataBANK0    0036
__pidataBANK0                idataBANK0   0354
__pintentry                  intentry     0004
__pmaintext                  maintext     0033
__pstrings                   strings      033B
__ptext1                     text1        02EC
__ptext10                    text10       02D1
__ptext11                    text11       01F8
__ptext12                    text12       0297
__ptext13                    text13       0348
__ptext2                     text2        0247
__ptext3                     text3        02B6
__ptext4                     text4        0274
__ptext5                     text5        031E
__ptext6                     text6        01A3
__ptext7                     text7        032D
__ptext8                     text8        00FF
__ptext9                     text9        0306
__size_of_ADC_Init           (abs)        0000
__size_of_ADC_Read           (abs)        0000
__size_of_EEPROM_Read        (abs)        0000
__size_of_EEPROM_Write       (abs)        0000
__size_of_ISR                (abs)        0000
__size_of_UART_send_char     (abs)        0000
__size_of_UART_send_string   (abs)        0000
__size_of_config_UART        (abs)        0000
__size_of_init_PWM           (abs)        0000
__size_of_main               (abs)        0000
__size_of_setPWM_DutyCycle   (abs)        0000
__size_ofi1_ADC_Read         (abs)        0000
__size_ofi1_EEPROM_Write     (abs)        0000
__size_ofi1_setPWM_DutyCycle (abs)        0000
__stringbase                 strings      0340
__stringtab                  strings      033B
_config_UART                 text3        02B6
_count_sp1                   bssBANK0     0032
_count_sp2                   bssCOMMON    007B
_count_sp3                   bssCOMMON    007A
_counter0                    bssCOMMON    007D
_flag_dc                     dataBANK0    0038
_flag_timer_servor1          bssBANK0     0035
_flag_timer_servor2          bssBANK0     0034
_init_PWM                    text2        0247
_main                        maintext     0033
_result                      bssCOMMON    007C
_setPWM_DutyCycle            text1        02EC
btemp                        (abs)        007E
end_of_initialization        cinit        002F
i1ADC_Read@ADC_channel       cstackCOMMON 0075
i1ADC_Read@result            cstackCOMMON 0073
i1EEPROM_Write@Address       cstackCOMMON 0071
i1EEPROM_Write@Data          cstackCOMMON 0070
i1_ADC_Read                  text11       01F8
i1_EEPROM_Write              text10       02D1
i1_setPWM_DutyCycle          text9        0306
i1setPWM_DutyCycle@DC        cstackCOMMON 0076
interrupt_function           intentry     0004
intlevel0                    functab      0000
intlevel1                    functab      0000
intlevel2                    functab      0000
intlevel3                    functab      0000
intlevel4                    functab      0000
intlevel5                    functab      0000
reset_vec                    reset_vec    0000
saved_w                      (abs)        007E
setPWM_DutyCycle@DC          cstackBANK0  002B
start                        init         0012
start_initialization         cinit        0015
wtemp0                       (abs)        007E


FUNCTION INFORMATION:

 *************** function _main *****************
 Defined at:
		line 60 in file "final.c"
 Parameters:    Size  Location     Type
		None
 Auto vars:     Size  Location     Type
  tmp             1    0        unsigned char 
 Return value:  Size  Location     Type
                  1    wreg      void 
 Registers used:
		wreg, fsr0l, fsr0h, status,2, status,0, pclath, cstack
 Tracked objects:
		On entry : 
		On exit  : 
		Unchanged: 
 Data sizes:     COMMON   BANK0   BANK1   BANK3   BANK2
      Params:         0       0       0       0       0
      Locals:         0       0       0       0       0
      Temps:          0       3       0       0       0
      Totals:         0       3       0       0       0
Total ram usage:        3 bytes
 Hardware stack levels required when called:    4
 This function calls:
		_ADC_Init
		_ADC_Read
		_EEPROM_Read
		_EEPROM_Write
		_config_UART
		_init_PWM
		_setPWM_DutyCycle
 This function is called by:
		Startup code after reset
 This function uses a non-reentrant model


 *************** function _setPWM_DutyCycle *****************
 Defined at:
		line 271 in file "final.c"
 Parameters:    Size  Location     Type
  DC              2   11[BANK0 ] unsigned int 
 Auto vars:     Size  Location     Type
		None
 Return value:  Size  Location     Type
                  1    wreg      void 
 Registers used:
		wreg, status,2, status,0
 Tracked objects:
		On entry : 
		On exit  : 
		Unchanged: 
 Data sizes:     COMMON   BANK0   BANK1   BANK3   BANK2
      Params:         0       2       0       0       0
      Locals:         0       0       0       0       0
      Temps:          0       2       0       0       0
      Totals:         0       4       0       0       0
Total ram usage:        4 bytes
 Hardware stack levels used:    1
 Hardware stack levels required when called:    3
 This function calls:
		Nothing
 This function is called by:
		_main
 This function uses a non-reentrant model


 *************** function _init_PWM *****************
 Defined at:
		line 253 in file "final.c"
 Parameters:    Size  Location     Type
		None
 Auto vars:     Size  Location     Type
		None
 Return value:  Size  Location     Type
                  1    wreg      void 
 Registers used:
		wreg, fsr0l, fsr0h, status,2, status,0
 Tracked objects:
		On entry : 
		On exit  : 
		Unchanged: 
 Data sizes:     COMMON   BANK0   BANK1   BANK3   BANK2
      Params:         0       0       0       0       0
      Locals:         0       0       0       0       0
      Temps:          0       0       0       0       0
      Totals:         0       0       0       0       0
Total ram usage:        0 bytes
 Hardware stack levels used:    1
 Hardware stack levels required when called:    3
 This function calls:
		Nothing
 This function is called by:
		_main
 This function uses a non-reentrant model


 *************** function _config_UART *****************
 Defined at:
		line 294 in file "final.c"
 Parameters:    Size  Location     Type
		None
 Auto vars:     Size  Location     Type
		None
 Return value:  Size  Location     Type
                  1    wreg      void 
 Registers used:
		wreg
 Tracked objects:
		On entry : 
		On exit  : 
		Unchanged: 
 Data sizes:     COMMON   BANK0   BANK1   BANK3   BANK2
      Params:         0       0       0       0       0
      Locals:         0       0       0       0       0
      Temps:          0       0       0       0       0
      Totals:         0       0       0       0       0
Total ram usage:        0 bytes
 Hardware stack levels used:    1
 Hardware stack levels required when called:    3
 This function calls:
		Nothing
 This function is called by:
		_main
 This function uses a non-reentrant model


 *************** function _EEPROM_Write *****************
 Defined at:
		line 324 in file "final.c"
 Parameters:    Size  Location     Type
  Address         1    wreg     unsigned char 
  Data            1    5[BANK0 ] unsigned char 
 Auto vars:     Size  Location     Type
  Address         1    6[BANK0 ] unsigned char 
 Return value:  Size  Location     Type
                  1    wreg      void 
 Registers used:
		wreg
 Tracked objects:
		On entry : 
		On exit  : 
		Unchanged: 
 Data sizes:     COMMON   BANK0   BANK1   BANK3   BANK2
      Params:         0       1       0       0       0
      Locals:         0       1       0       0       0
      Temps:          0       0       0       0       0
      Totals:         0       2       0       0       0
Total ram usage:        2 bytes
 Hardware stack levels used:    1
 Hardware stack levels required when called:    3
 This function calls:
		Nothing
 This function is called by:
		_main
 This function uses a non-reentrant model


 *************** function _EEPROM_Read *****************
 Defined at:
		line 318 in file "final.c"
 Parameters:    Size  Location     Type
  Address         1    wreg     unsigned char 
 Auto vars:     Size  Location     Type
  Address         1    5[BANK0 ] unsigned char 
 Return value:  Size  Location     Type
                  1    wreg      unsigned char 
 Registers used:
		wreg
 Tracked objects:
		On entry : 
		On exit  : 
		Unchanged: 
 Data sizes:     COMMON   BANK0   BANK1   BANK3   BANK2
      Params:         0       0       0       0       0
      Locals:         0       1       0       0       0
      Temps:          0       0       0       0       0
      Totals:         0       1       0       0       0
Total ram usage:        1 bytes
 Hardware stack levels used:    1
 Hardware stack levels required when called:    3
 This function calls:
		Nothing
 This function is called by:
		_main
 This function uses a non-reentrant model


 *************** function _ADC_Read *****************
 Defined at:
		line 229 in file "final.c"
 Parameters:    Size  Location     Type
  ADC_channel     1    wreg     unsigned char 
 Auto vars:     Size  Location     Type
  ADC_channel     1   10[BANK0 ] unsigned char 
  result          2    8[BANK0 ] unsigned int 
 Return value:  Size  Location     Type
                  2    5[BANK0 ] unsigned int 
 Registers used:
		wreg, status,2, status,0
 Tracked objects:
		On entry : 
		On exit  : 
		Unchanged: 
 Data sizes:     COMMON   BANK0   BANK1   BANK3   BANK2
      Params:         0       2       0       0       0
      Locals:         0       3       0       0       0
      Temps:          0       1       0       0       0
      Totals:         0       6       0       0       0
Total ram usage:        6 bytes
 Hardware stack levels used:    1
 Hardware stack levels required when called:    3
 This function calls:
		Nothing
 This function is called by:
		_main
 This function uses a non-reentrant model


 *************** function _ADC_Init *****************
 Defined at:
		line 208 in file "final.c"
 Parameters:    Size  Location     Type
		None
 Auto vars:     Size  Location     Type
		None
 Return value:  Size  Location     Type
                  1    wreg      void 
 Registers used:
		None
 Tracked objects:
		On entry : 
		On exit  : 
		Unchanged: 
 Data sizes:     COMMON   BANK0   BANK1   BANK3   BANK2
      Params:         0       0       0       0       0
      Locals:         0       0       0       0       0
      Temps:          0       0       0       0       0
      Totals:         0       0       0       0       0
Total ram usage:        0 bytes
 Hardware stack levels used:    1
 Hardware stack levels required when called:    3
 This function calls:
		Nothing
 This function is called by:
		_main
 This function uses a non-reentrant model


 *************** function _ISR *****************
 Defined at:
		line 148 in file "final.c"
 Parameters:    Size  Location     Type
		None
 Auto vars:     Size  Location     Type
		None
 Return value:  Size  Location     Type
                  1    wreg      void 
 Registers used:
		wreg, fsr0l, fsr0h, status,2, status,0, pclath, cstack
 Tracked objects:
		On entry : 
		On exit  : 
		Unchanged: 
 Data sizes:     COMMON   BANK0   BANK1   BANK3   BANK2
      Params:         0       0       0       0       0
      Locals:         0       0       0       0       0
      Temps:          0       5       0       0       0
      Totals:         0       5       0       0       0
Total ram usage:        5 bytes
 Hardware stack levels used:    1
 Hardware stack levels required when called:    2
 This function calls:
		_UART_send_string
		i1_ADC_Read
		i1_EEPROM_Write
		i1_setPWM_DutyCycle
 This function is called by:
		Interrupt level 1
 This function uses a non-reentrant model


 *************** function i1_setPWM_DutyCycle *****************
 Defined at:
		line 271 in file "final.c"
 Parameters:    Size  Location     Type
  DC              2    6[COMMON] unsigned int 
 Auto vars:     Size  Location     Type
		None
 Return value:  Size  Location     Type
                  1    wreg      void 
 Registers used:
		wreg, status,2, status,0
 Tracked objects:
		On entry : 
		On exit  : 
		Unchanged: 
 Data sizes:     COMMON   BANK0   BANK1   BANK3   BANK2
      Params:         2       0       0       0       0
      Locals:         0       0       0       0       0
      Temps:          2       0       0       0       0
      Totals:         4       0       0       0       0
Total ram usage:        4 bytes
 Hardware stack levels used:    1
 This function calls:
		Nothing
 This function is called by:
		_ISR
 This function uses a non-reentrant model


 *************** function i1_EEPROM_Write *****************
 Defined at:
		line 324 in file "final.c"
 Parameters:    Size  Location     Type
  Address         1    wreg     unsigned char 
  Data            1    0[COMMON] unsigned char 
 Auto vars:     Size  Location     Type
  Address         1    1[COMMON] unsigned char 
 Return value:  Size  Location     Type
                  1    wreg      void 
 Registers used:
		wreg
 Tracked objects:
		On entry : 
		On exit  : 
		Unchanged: 
 Data sizes:     COMMON   BANK0   BANK1   BANK3   BANK2
      Params:         1       0       0       0       0
      Locals:         1       0       0       0       0
      Temps:          0       0       0       0       0
      Totals:         2       0       0       0       0
Total ram usage:        2 bytes
 Hardware stack levels used:    1
 This function calls:
		Nothing
 This function is called by:
		_ISR
 This function uses a non-reentrant model


 *************** function i1_ADC_Read *****************
 Defined at:
		line 229 in file "final.c"
 Parameters:    Size  Location     Type
  ADC_channel     1    wreg     unsigned char 
 Auto vars:     Size  Location     Type
  ADC_channel     1    5[COMMON] unsigned char 
  result          2    3[COMMON] unsigned int 
 Return value:  Size  Location     Type
                  2    0[COMMON] unsigned int 
 Registers used:
		wreg, status,2, status,0
 Tracked objects:
		On entry : 
		On exit  : 
		Unchanged: 
 Data sizes:     COMMON   BANK0   BANK1   BANK3   BANK2
      Params:         2       0       0       0       0
      Locals:         3       0       0       0       0
      Temps:          1       0       0       0       0
      Totals:         6       0       0       0       0
Total ram usage:        6 bytes
 Hardware stack levels used:    1
 This function calls:
		Nothing
 This function is called by:
		_ISR
 This function uses a non-reentrant model


 *************** function _UART_send_string *****************
 Defined at:
		line 288 in file "final.c"
 Parameters:    Size  Location     Type
  st_pt           1    wreg     PTR unsigned char 
		 -> STR_1(7), 
 Auto vars:     Size  Location     Type
  st_pt           1    2[COMMON] PTR unsigned char 
		 -> STR_1(7), 
 Return value:  Size  Location     Type
                  1    wreg      void 
 Registers used:
		wreg, fsr0l, fsr0h, status,2, status,0, pclath, cstack
 Tracked objects:
		On entry : 
		On exit  : 
		Unchanged: 
 Data sizes:     COMMON   BANK0   BANK1   BANK3   BANK2
      Params:         0       0       0       0       0
      Locals:         1       0       0       0       0
      Temps:          1       0       0       0       0
      Totals:         2       0       0       0       0
Total ram usage:        2 bytes
 Hardware stack levels used:    1
 Hardware stack levels required when called:    1
 This function calls:
		_UART_send_char
 This function is called by:
		_ISR
 This function uses a non-reentrant model


 *************** function _UART_send_char *****************
 Defined at:
		line 282 in file "final.c"
 Parameters:    Size  Location     Type
  bt              1    wreg     unsigned char 
 Auto vars:     Size  Location     Type
  bt              1    0[COMMON] unsigned char 
 Return value:  Size  Location     Type
                  1    wreg      void 
 Registers used:
		wreg
 Tracked objects:
		On entry : 
		On exit  : 
		Unchanged: 
 Data sizes:     COMMON   BANK0   BANK1   BANK3   BANK2
      Params:         0       0       0       0       0
      Locals:         1       0       0       0       0
      Temps:          0       0       0       0       0
      Totals:         1       0       0       0       0
Total ram usage:        1 bytes
 Hardware stack levels used:    1
 This function calls:
		Nothing
 This function is called by:
		_UART_send_string
 This function uses a non-reentrant model



MODULE INFORMATION

Module		Function		Class		Link	Load	Size
final.c
		_ISR           		CODE           	00FF	0000	164
		_EEPROM_Read   		CODE           	031E	0000	15
		_setPWM_DutyCycle		CODE           	02EC	0000	26
		_EEPROM_Write  		CODE           	0274	0000	35
		_main          		CODE           	0033	0000	204
		_UART_send_string		CODE           	0297	0000	31
		_init_PWM      		CODE           	0247	0000	45
		_UART_send_char		CODE           	0348	0000	12
		_ADC_Read      		CODE           	01A3	0000	85
		_config_UART   		CODE           	02B6	0000	27
		_ADC_Init      		CODE           	032D	0000	14

final.c estimated size: 658

shared
		i1_setPWM_DutyCycle		CODE           	0306	0000	24
		__stringtab    		STRING         	033B	0000	6
		i1_EEPROM_Write		CODE           	02D1	0000	27
		__initialization		CODE           	0015	0000	26
		i1_ADC_Read    		CODE           	01F8	0000	79

shared estimated size: 162

